# FloodlineSnapshot v0.1
cellOrder: x,y,z
bounds: 3 3 3
gravity: Down
status: InProgress
ticks: 0
piecesLocked: 0
objectives: 2 allCompleted=false
objective: type=REACH_HEIGHT current=1 target=2 completed=false
objective: type=STAY_UNDER_WEIGHT current=3 target=3 completed=true
activePiece: none
cells: 2
cell: 1,0,1 type=Solid material=none
cell: 1,1,1 type=Solid material=HEAVY
